../ioLibrary_Driver/Internet/httpServer/httpServer.c:142:6:default_mcu_reset	8	static
../ioLibrary_Driver/Internet/httpServer/httpServer.c:143:6:default_wdt_reset	8	static
../ioLibrary_Driver/Internet/httpServer/httpServer.c:147:6:httpServer_Sockinit	24	static
../ioLibrary_Driver/Internet/httpServer/httpServer.c:158:16:getHTTPSocketNum	16	static
../ioLibrary_Driver/Internet/httpServer/httpServer.c:164:15:getHTTPSequenceNum	24	static
../ioLibrary_Driver/Internet/httpServer/httpServer.c:175:6:httpServer_init	24	static
../ioLibrary_Driver/Internet/httpServer/httpServer.c:186:6:reg_httpServer_cbfunc	16	static
../ioLibrary_Driver/Internet/httpServer/httpServer.c:195:6:httpServer_run	48	static
../ioLibrary_Driver/Internet/httpServer/httpServer.c:365:13:send_http_response_header	24	static
../ioLibrary_Driver/Internet/httpServer/httpServer.c:414:13:send_http_response_body	40	static
../ioLibrary_Driver/Internet/httpServer/httpServer.c:571:13:send_http_response_cgi	56	static
../ioLibrary_Driver/Internet/httpServer/httpServer.c:586:15:http_disconnect	16	static
../ioLibrary_Driver/Internet/httpServer/httpServer.c:596:5:parseIPAddress	48	static
../ioLibrary_Driver/Internet/httpServer/httpServer.c:627:6:getValues	144	static
../ioLibrary_Driver/Internet/httpServer/httpServer.c:737:6:changeIP	8	static
../ioLibrary_Driver/Internet/httpServer/httpServer.c:744:13:http_process_handler	2528	static
../ioLibrary_Driver/Internet/httpServer/httpServer.c:1312:6:httpServer_time_handler	8	static
../ioLibrary_Driver/Internet/httpServer/httpServer.c:1317:10:get_httpServer_timecount	8	static
../ioLibrary_Driver/Internet/httpServer/httpServer.c:1322:6:reg_httpServer_webContent	32	static
../ioLibrary_Driver/Internet/httpServer/httpServer.c:1361:9:display_reg_webContent_list	16	static
../ioLibrary_Driver/Internet/httpServer/httpServer.c:1394:9:find_userReg_webContent	40	static
../ioLibrary_Driver/Internet/httpServer/httpServer.c:1412:10:read_userReg_webContent	40	static
