../MyApp/comm.cpp:7:6:void delayMicroseconds(int)	16	static
../MyApp/comm.cpp:12:5:int millis()	8	static
../MyApp/comm.cpp:18:9:uint8_t Ch376msc::readSerDataUSB()	40	static
../MyApp/comm.cpp:49:9:uint8_t Ch376msc::spiReadData()	32	static
../MyApp/comm.cpp:58:6:void Ch376msc::print(char*)	32	static
../MyApp/comm.cpp:75:6:void Ch376msc::spiReady()	16	static
../MyApp/comm.cpp:88:9:uint8_t Ch376msc::spiWaitInterrupt()	32	static
../MyApp/comm.cpp:105:9:uint8_t Ch376msc::getInterrupt()	32	static
../MyApp/comm.cpp:115:6:void Ch376msc::spiBeginTransfer()	16	static
../MyApp/comm.cpp:124:6:void Ch376msc::spiEndTransfer()	16	static
