../Core/Src/Infrared.c:37:6:Delay_us	16	static
../Core/Src/Infrared.c:44:6:NEC_Start	8	static
../Core/Src/Infrared.c:52:6:NEC_Stop	8	static
../Core/Src/Infrared.c:60:6:Logical_0_NEC	8	static
../Core/Src/Infrared.c:68:6:Logical_1_NEC	8	static
../Core/Src/Infrared.c:75:6:Logical_0_RC5	8	static
../Core/Src/Infrared.c:83:6:Logical_1_RC5	8	static
../Core/Src/Infrared.c:90:6:Logical_0_RC6	8	static
../Core/Src/Infrared.c:98:6:Logical_1_RC6	8	static
../Core/Src/Infrared.c:105:6:Logical_0_Sharp	8	static
../Core/Src/Infrared.c:113:6:Logical_1_Sharp	8	static
../Core/Src/Infrared.c:120:6:Trailer_bit_0_RC6	8	static
../Core/Src/Infrared.c:140:6:NEC_Send_Byte	24	static
../Core/Src/Infrared.c:156:6:NEC_Send_Data	24	static
../Core/Src/Infrared.c:172:6:SONY12_Send_Data	32	static
../Core/Src/Infrared.c:190:6:Sharp_Send_Data	56	static
../Core/Src/Infrared.c:241:6:RC5_Send_Data	32	static
../Core/Src/Infrared.c:259:6:RC6_Send_Data	32	static
../Core/Src/Infrared.c:278:6:Panasonic_Send_Data	32	static
../Core/Src/Infrared.c:296:6:BurstSony12TV	16	static
../Core/Src/Infrared.c:307:6:BurstRC5TV	16	static
../Core/Src/Infrared.c:318:6:RC6TV	16	static
../Core/Src/Infrared.c:330:6:BurstRC6TV	16	static
../Core/Src/Infrared.c:341:6:BurstNEC	16	static
../Core/Src/Infrared.c:347:6:IRSend_NEC	80	static
../Core/Src/Infrared.c:477:6:IRSend_Var_NEC	48	static
../Core/Src/Infrared.c:494:6:IRSend_Var_True	8	static
../Core/Src/Infrared.c:499:6:IR_Receive_Process	440	static
../Core/Src/Infrared.c:668:6:IR_Receive_Process_OFF	440	static
../Core/Src/Infrared.c:840:10:receive_data	16	static
