../Core/Src/w5500_init.c:9:6:wizchip_select	8	static
../Core/Src/w5500_init.c:14:6:wizchip_deselect	8	static
../Core/Src/w5500_init.c:19:9:wizchip_read	16	static
../Core/Src/w5500_init.c:26:6:wizchip_write	16	static
../Core/Src/w5500_init.c:31:6:wizchip_readburst	24	static
../Core/Src/w5500_init.c:36:6:wizchip_writeburst	24	static
../Core/Src/w5500_init.c:41:6:delay_cnt	16	static
../Core/Src/w5500_init.c:47:6:Display_Net_Conf	72	static
../Core/Src/w5500_init.c:70:6:Net_Conf	16	static
../Core/Src/w5500_init.c:85:6:W5500_Init	40	static
