../ioLibrary_Driver/Ethernet/dhcp.c:257:6:default_ip_assign	8	static
../ioLibrary_Driver/Ethernet/dhcp.c:265:6:default_ip_update	8	static
../ioLibrary_Driver/Ethernet/dhcp.c:275:6:default_ip_conflict	8	static
../ioLibrary_Driver/Ethernet/dhcp.c:284:6:reg_dhcp_cbfunc	24	static
../ioLibrary_Driver/Ethernet/dhcp.c:295:6:makeDHCPMSG	24	static
../ioLibrary_Driver/Ethernet/dhcp.c:354:6:send_DHCP_DISCOVER	32	static
../ioLibrary_Driver/Ethernet/dhcp.c:427:6:send_DHCP_REQUEST	48	static
../ioLibrary_Driver/Ethernet/dhcp.c:526:6:send_DHCP_DECLINE	40	static
../ioLibrary_Driver/Ethernet/dhcp.c:586:8:parseDHCPMSG	48	static
../ioLibrary_Driver/Ethernet/dhcp.c:708:9:DHCP_run	24	static
../ioLibrary_Driver/Ethernet/dhcp.c:838:9:DHCP_stop	8	static
../ioLibrary_Driver/Ethernet/dhcp.c:844:9:check_DHCP_timeout	16	static
../ioLibrary_Driver/Ethernet/dhcp.c:897:8:check_DHCP_leasedIP	32	static
../ioLibrary_Driver/Ethernet/dhcp.c:932:6:DHCP_init	32	static
../ioLibrary_Driver/Ethernet/dhcp.c:967:6:reset_DHCP_timeout	8	static
../ioLibrary_Driver/Ethernet/dhcp.c:974:6:DHCP_time_handler	8	static
../ioLibrary_Driver/Ethernet/dhcp.c:979:6:getIPfromDHCP	16	static
../ioLibrary_Driver/Ethernet/dhcp.c:987:6:getGWfromDHCP	16	static
../ioLibrary_Driver/Ethernet/dhcp.c:995:6:getSNfromDHCP	16	static
../ioLibrary_Driver/Ethernet/dhcp.c:1003:6:getDNSfromDHCP	16	static
../ioLibrary_Driver/Ethernet/dhcp.c:1011:10:getDHCPLeasetime	8	static
../ioLibrary_Driver/Ethernet/dhcp.c:1016:6:NibbleToHex	16	static
